// Jest Snapshot v1, https://goo.gl/fbAQLP

exports[`scroll should match drag scroll bar scroll 1`] = `
Array [
  Object {
    "button": 0,
    "buttons": 1,
    "clientX": 495,
    "clientY": 150,
    "modifiers": Object {},
    "screenX": 495,
    "screenY": 150,
    "timestamp": 500,
    "type": "mousedown",
  },
  Object {
    "scrollLeft": 0,
    "scrollTop": 351,
    "timestamp": 1000,
    "type": "scroll",
  },
  Object {
    "button": 0,
    "buttons": 0,
    "clientX": 495,
    "clientY": 300,
    "modifiers": Object {},
    "screenX": 495,
    "screenY": 300,
    "timestamp": 800,
    "type": "mouseup",
  },
]
`;

exports[`scroll should match drag scroll bar scroll 2`] = `
Object {
  "attributes": Object {
    "id": "container",
  },
  "id": Any<String>,
  "tagName": "DIV",
}
`;

exports[`scroll should match wheel scroll 1`] = `
Object {
  "attributes": Object {
    "id": "container",
  },
  "id": Any<String>,
  "tagName": "DIV",
}
`;
